// Jest Snapshot v1, https://goo.gl/fbAQLP

exports[`Quotes Component render 1`] = `undefined`;
